'Defining breadcrumbs': 'https://github.com/dimimo/breadcrumbs#defining-breadcrumbs'
'Laravel Breadcrumbs documentation': 'https://github.com/dimimo/breadcrumbs#laravel-breadcrumbs'
