'Choosing a breadcrumbs template (view)': 'https://github.com/dimimo/breadcrumbs#3-choose-a-template'
'Laravel Breadcrumbs documentation': 'https://github.com/dimimo/breadcrumbs#laravel-breadcrumbs'
