'Defining breadcrumbs': 'https://github.com/dimimo/breadcrumbs#defining-breadcrumbs'
'Silencing breadcrumb exceptions': 'https://github.com/dimimo/breadcrumbs#configuration-file'
'Laravel Breadcrumbs documentation': 'https://github.com/dimimo/breadcrumbs#laravel-breadcrumbs'
